2025-12-12 11:48:51,571 [INFO] Logging initialized. Writing to logs\ingest_20251212114851.log
2025-12-12 11:48:51,572 [INFO] Starting processing of HappySignals 2024-11-24-2025-11-25 (1).xlsx
2025-12-12 11:48:54,175 [INFO] File loaded. Total rows: 8530
2025-12-12 11:48:55,501 [INFO] Audit log started with ID: 3
2025-12-12 11:48:55,502 [INFO] Processing chunk 1/2 (Rows 0 to 5000)
2025-12-12 11:49:00,924 [WARNING] Database error on attempt 1/3: ('22007', '[22007] [Microsoft][ODBC SQL Server Driver][SQL Server]Conversion failed when converting date and/or time from character string. (241) (SQLParamData)')
2025-12-12 11:49:04,494 [WARNING] Database error on attempt 2/3: ('22007', '[22007] [Microsoft][ODBC SQL Server Driver][SQL Server]Conversion failed when converting date and/or time from character string. (241) (SQLParamData)')
2025-12-12 11:49:08,373 [WARNING] Database error on attempt 3/3: ('22007', '[22007] [Microsoft][ODBC SQL Server Driver][SQL Server]Conversion failed when converting date and/or time from character string. (241) (SQLParamData)')
2025-12-12 11:49:08,374 [ERROR] Failed JSON payload snippet: [{"created_date": "2024-12-13T01:03:23+00:00", "load_date": "2025-12-12", "ticket_id": "ITE1000896", "location": "Stockholm Office", "happiness_score": 3.0, "comment": "I have to use my private phone because the company device does not have good enoug battery life", "lost_time_minutes": 472, "channel": "Email", "company": "Acme Sverige AB", "country": "SE", "service_ticket_type": "Overall IT Experience", "enterprise_class": "", "department": "Sales", "region": "EMEA", "role": "Sales Manager", "top_company": "", "sub_company": "", "factors": "{\"Extra Data\": \"nan\", \"Tags\": \"nan\"}", "respondent_email": null, "translated_comment": null, "burnout_risk_score": null, "survey_id": "HS-ITE1000896-20241213010323-a069caa4"}, {"created_date": "2024-12-13T03:26:56+00:00", "load_date": "2025-12-12", "ticket_id": "ITE1001584", "location": "Espoo Office", "happiness_score": 8.0, "comment": "All else is good but much more meetings than there would be if we were at the office", "lost_time_minute
2025-12-12 11:49:12,375 [ERROR] Failed to upsert batch after 3 attempts.
2025-12-12 11:49:12,589 [INFO] Processing chunk 2/2 (Rows 5000 to 8530)
2025-12-12 11:49:15,265 [WARNING] Database error on attempt 1/3: ('22007', '[22007] [Microsoft][ODBC SQL Server Driver][SQL Server]Conversion failed when converting date and/or time from character string. (241) (SQLParamData)')
2025-12-12 11:49:17,739 [WARNING] Database error on attempt 2/3: ('22007', '[22007] [Microsoft][ODBC SQL Server Driver][SQL Server]Conversion failed when converting date and/or time from character string. (241) (SQLParamData)')
2025-12-12 11:49:21,307 [WARNING] Database error on attempt 3/3: ('22007', '[22007] [Microsoft][ODBC SQL Server Driver][SQL Server]Conversion failed when converting date and/or time from character string. (241) (SQLParamData)')
2025-12-12 11:49:21,307 [ERROR] Failed JSON payload snippet: [{"created_date": "2025-04-06T04:49:59+00:00", "load_date": "2025-12-12", "ticket_id": "ITE1001933", "location": "Espoo Office", "happiness_score": 10.0, "comment": "Friendly service", "lost_time_minutes": 12, "channel": "Email", "company": "Acme Finland Oy", "country": "FI", "service_ticket_type": "Overall IT Experience", "enterprise_class": "", "department": "Product Management", "region": "EMEA", "role": "Product Engineer", "top_company": "", "sub_company": "", "factors": "{\"Extra Data\": \"nan\", \"Tags\": \"nan\"}", "respondent_email": null, "translated_comment": null, "burnout_risk_score": null, "survey_id": "HS-ITE1001933-20250406044959-0ba32e27"}, {"created_date": "2025-04-06T04:50:45.429437+00:00", "load_date": "2025-12-12", "ticket_id": "ITE1001909", "location": "Stockholm Office", "happiness_score": 10.0, "comment": "Getting my new phone was so easy", "lost_time_minutes": 71, "channel": "Email", "company": "Acme Sverige AB", "country": "SE", "service_ticket_type": "Overall 
2025-12-12 11:49:25,308 [ERROR] Failed to upsert batch after 3 attempts.
2025-12-12 11:49:25,947 [INFO] Audit log updated for ID: 3 with status: COMPLETED
2025-12-12 11:49:25,948 [INFO] Processing completed.
2025-12-12 11:49:25,948 [INFO] Stats: {
  "rows_read": 8530,
  "rows_inserted": 0,
  "rows_skipped": 0,
  "rows_failed": 8530
}
