2025-12-16 10:37:05,048 [INFO] Logging initialized. Writing to logs\ingest_20251216103705.log
2025-12-16 10:37:05,048 [INFO] Starting processing of HappySignals 2024-11-24-2025-11-25 (1).xlsx
2025-12-16 10:37:10,090 [INFO] File loaded. Total rows: 8530
2025-12-16 10:37:14,317 [INFO] Audit log started with ID: 1
2025-12-16 10:37:14,318 [INFO] Processing chunk 1/2 (Rows 0 to 5000)
2025-12-16 10:37:20,922 [WARNING] Database error on attempt 1/3: ('42000', "[42000] [Microsoft][ODBC SQL Server Driver][SQL Server]Could not find stored procedure 'ExpNXT.usp_upsert_happysignals_batch'. (2812) (SQLParamData)")
2025-12-16 10:37:28,547 [WARNING] Database error on attempt 2/3: ('42000', "[42000] [Microsoft][ODBC SQL Server Driver][SQL Server]Could not find stored procedure 'ExpNXT.usp_upsert_happysignals_batch'. (2812) (SQLParamData)")
2025-12-16 10:37:33,020 [WARNING] Database error on attempt 3/3: ('42000', "[42000] [Microsoft][ODBC SQL Server Driver][SQL Server]Could not find stored procedure 'ExpNXT.usp_upsert_happysignals_batch'. (2812) (SQLParamData)")
2025-12-16 10:37:33,021 [ERROR] Failed JSON payload snippet: [{"created_date": "2024-12-13 01:03:23", "load_date": "2025-12-16", "ticket_id": "ITE1000896", "location": "Stockholm Office", "happiness_score": 3.0, "comment": "I have to use my private phone because the company device does not have good enoug battery life", "lost_time_minutes": 472, "channel": "Email", "company": "Acme Sverige AB", "country": "SE", "service_ticket_type": "Overall IT Experience", "enterprise_class": "", "department": "Sales", "region": "EMEA", "role": "Sales Manager", "top_company": "", "sub_company": "", "factors": "{\"Extra Data\": \"nan\", \"Tags\": \"nan\"}", "respondent_email": null, "translated_comment": null, "burnout_risk_score": null, "survey_id": "HS-ITE1000896-20241213010323-a069caa4"}, {"created_date": "2024-12-13 03:26:56", "load_date": "2025-12-16", "ticket_id": "ITE1001584", "location": "Espoo Office", "happiness_score": 8.0, "comment": "All else is good but much more meetings than there would be if we were at the office", "lost_time_minutes": 599, "ch
2025-12-16 10:37:37,022 [ERROR] Failed to upsert batch after 3 attempts.
2025-12-16 10:37:37,765 [INFO] Processing chunk 2/2 (Rows 5000 to 8530)
2025-12-16 10:37:41,442 [WARNING] Database error on attempt 1/3: ('42000', "[42000] [Microsoft][ODBC SQL Server Driver][SQL Server]Could not find stored procedure 'ExpNXT.usp_upsert_happysignals_batch'. (2812) (SQLParamData)")
2025-12-16 10:37:44,864 [WARNING] Database error on attempt 2/3: ('42000', "[42000] [Microsoft][ODBC SQL Server Driver][SQL Server]Could not find stored procedure 'ExpNXT.usp_upsert_happysignals_batch'. (2812) (SQLParamData)")
2025-12-16 10:37:49,260 [WARNING] Database error on attempt 3/3: ('42000', "[42000] [Microsoft][ODBC SQL Server Driver][SQL Server]Could not find stored procedure 'ExpNXT.usp_upsert_happysignals_batch'. (2812) (SQLParamData)")
2025-12-16 10:37:49,261 [ERROR] Failed JSON payload snippet: [{"created_date": "2025-04-06 04:49:59", "load_date": "2025-12-16", "ticket_id": "ITE1001933", "location": "Espoo Office", "happiness_score": 10.0, "comment": "Friendly service", "lost_time_minutes": 12, "channel": "Email", "company": "Acme Finland Oy", "country": "FI", "service_ticket_type": "Overall IT Experience", "enterprise_class": "", "department": "Product Management", "region": "EMEA", "role": "Product Engineer", "top_company": "", "sub_company": "", "factors": "{\"Extra Data\": \"nan\", \"Tags\": \"nan\"}", "respondent_email": null, "translated_comment": null, "burnout_risk_score": null, "survey_id": "HS-ITE1001933-20250406044959-0ba32e27"}, {"created_date": "2025-04-06 04:50:45", "load_date": "2025-12-16", "ticket_id": "ITE1001909", "location": "Stockholm Office", "happiness_score": 10.0, "comment": "Getting my new phone was so easy", "lost_time_minutes": 71, "channel": "Email", "company": "Acme Sverige AB", "country": "SE", "service_ticket_type": "Overall IT Experience", "en
2025-12-16 10:37:53,262 [ERROR] Failed to upsert batch after 3 attempts.
2025-12-16 10:37:55,658 [INFO] Audit log updated for ID: 1 with status: COMPLETED
2025-12-16 10:37:55,659 [INFO] Processing completed.
2025-12-16 10:37:55,659 [INFO] Stats: {
  "rows_read": 8530,
  "rows_inserted": 0,
  "rows_skipped": 0,
  "rows_failed": 8530
}
